// Jest Snapshot v1, https://goo.gl/fbAQLP

exports[`Testing cardComponent CardComponent should render 1`] = `ShallowWrapper {}`;
