// Jest Snapshot v1, https://goo.gl/fbAQLP

exports[`Testing PhonesInfo phonesInfo should render 1`] = `ShallowWrapper {}`;
